// Jest Snapshot v1, https://goo.gl/fbAQLP

exports[`Forecast renders current forecast component 1`] = `[Function]`;
