// Jest Snapshot v1, https://goo.gl/fbAQLP

exports[`Current Weather renders current temperature component 1`] = `[Function]`;
