// Jest Snapshot v1, https://goo.gl/fbAQLP

exports[`HomePage renders current homepage component 1`] = `[Function]`;
